// Jest Snapshot v1, https://goo.gl/fbAQLP

exports[`Profile snapshot renders 1`] = `
<div>
  <div
    className="media"
  >
    <img
      className="mr-3"
      height={64}
      src="blabl blah"
      width={64}
    />
    <div
      className="media-body"
    >
      <h5 />
      <p />
      <h5>
        Tweets
      </h5>
      <div>
        <div
          className="spinner-border text-primary"
        />
      </div>
    </div>
  </div>
</div>
`;
